Initiating OpenMRS startup
Deleting modules, OWAs, configuration and frontend from OpenMRS
Loading distribution artifacts into OpenMRS
Writing out /openmrs/openmrs-server.properties
Waiting for database to initialize...
wait-for-it.sh: waiting 3600 seconds for db:3306
wait-for-it.sh: db:3306 is available after 1 seconds
Clearing out Tomcat directories
Loading WAR into appropriate location
Writing out /usr/local/tomcat/bin/setenv.sh file
Starting up OpenMRS...
NOTE: Picked up JDK_JAVA_OPTIONS:  --add-opens=java.base/java.lang=ALL-UNNAMED --add-opens=java.base/java.lang.invoke=ALL-UNNAMED --add-opens=java.base/java.lang.reflect=ALL-UNNAMED --add-opens=java.base/java.io=ALL-UNNAMED --add-opens=java.base/java.util=ALL-UNNAMED --add-opens=java.base/java.util.concurrent=ALL-UNNAMED --add-opens=java.rmi/sun.rmi.transport=ALL-UNNAMED
30-May-2026 20:40:13.788 INFO [main] org.apache.catalina.startup.VersionLoggerListener.log Server version name:   Apache Tomcat/9.0.118
30-May-2026 20:40:13.798 INFO [main] org.apache.catalina.startup.VersionLoggerListener.log Server built:          May 1 2026 19:30:30 UTC
30-May-2026 20:40:13.799 INFO [main] org.apache.catalina.startup.VersionLoggerListener.log Server version number: 9.0.118.0
30-May-2026 20:40:13.800 INFO [main] org.apache.catalina.startup.VersionLoggerListener.log OS Name:               Linux
30-May-2026 20:40:13.800 INFO [main] org.apache.catalina.startup.VersionLoggerListener.log OS Version:            5.15.167.4-microsoft-standard-WSL2
30-May-2026 20:40:13.801 INFO [main] org.apache.catalina.startup.VersionLoggerListener.log Architecture:          amd64
30-May-2026 20:40:13.801 INFO [main] org.apache.catalina.startup.VersionLoggerListener.log Java Home:             /usr/lib/jvm/java-21-amazon-corretto
30-May-2026 20:40:13.801 INFO [main] org.apache.catalina.startup.VersionLoggerListener.log JVM Version:           21.0.11+10-LTS
30-May-2026 20:40:13.802 INFO [main] org.apache.catalina.startup.VersionLoggerListener.log JVM Vendor:            Amazon.com Inc.
30-May-2026 20:40:13.802 INFO [main] org.apache.catalina.startup.VersionLoggerListener.log CATALINA_BASE:         /usr/local/tomcat
30-May-2026 20:40:13.803 INFO [main] org.apache.catalina.startup.VersionLoggerListener.log CATALINA_HOME:         /usr/local/tomcat
30-May-2026 20:40:13.836 INFO [main] org.apache.catalina.startup.VersionLoggerListener.log Command line argument: --add-opens=java.base/java.lang=ALL-UNNAMED
30-May-2026 20:40:13.837 INFO [main] org.apache.catalina.startup.VersionLoggerListener.log Command line argument: --add-opens=java.base/java.lang.invoke=ALL-UNNAMED
30-May-2026 20:40:13.838 INFO [main] org.apache.catalina.startup.VersionLoggerListener.log Command line argument: --add-opens=java.base/java.lang.reflect=ALL-UNNAMED
30-May-2026 20:40:13.838 INFO [main] org.apache.catalina.startup.VersionLoggerListener.log Command line argument: --add-opens=java.base/java.io=ALL-UNNAMED
30-May-2026 20:40:13.839 INFO [main] org.apache.catalina.startup.VersionLoggerListener.log Command line argument: --add-opens=java.base/java.util=ALL-UNNAMED
30-May-2026 20:40:13.839 INFO [main] org.apache.catalina.startup.VersionLoggerListener.log Command line argument: --add-opens=java.base/java.util.concurrent=ALL-UNNAMED
30-May-2026 20:40:13.839 INFO [main] org.apache.catalina.startup.VersionLoggerListener.log Command line argument: --add-opens=java.rmi/sun.rmi.transport=ALL-UNNAMED
30-May-2026 20:40:13.840 INFO [main] org.apache.catalina.startup.VersionLoggerListener.log Command line argument: -Djava.util.logging.config.file=/usr/local/tomcat/conf/logging.properties
30-May-2026 20:40:13.840 INFO [main] org.apache.catalina.startup.VersionLoggerListener.log Command line argument: -Djava.util.logging.manager=org.apache.juli.ClassLoaderLogManager
30-May-2026 20:40:13.840 INFO [main] org.apache.catalina.startup.VersionLoggerListener.log Command line argument: -Dfile.encoding=UTF-8
30-May-2026 20:40:13.841 INFO [main] org.apache.catalina.startup.VersionLoggerListener.log Command line argument: -Djava.security.egd=file:/dev/./urandom
30-May-2026 20:40:13.841 INFO [main] org.apache.catalina.startup.VersionLoggerListener.log Command line argument: -Djava.awt.headless=true
30-May-2026 20:40:13.842 INFO [main] org.apache.catalina.startup.VersionLoggerListener.log Command line argument: -Djava.awt.headlesslib=true
30-May-2026 20:40:13.845 INFO [main] org.apache.catalina.startup.VersionLoggerListener.log Command line argument: -Djdk.tls.ephemeralDHKeySize=2048
30-May-2026 20:40:13.846 INFO [main] org.apache.catalina.startup.VersionLoggerListener.log Command line argument: -Djava.protocol.handler.pkgs=org.apache.catalina.webresources
30-May-2026 20:40:13.847 INFO [main] org.apache.catalina.startup.VersionLoggerListener.log Command line argument: -Dsun.io.useCanonCaches=false
30-May-2026 20:40:13.847 INFO [main] org.apache.catalina.startup.VersionLoggerListener.log Command line argument: -Dorg.apache.catalina.security.SecurityListener.UMASK=0027
30-May-2026 20:40:13.848 INFO [main] org.apache.catalina.startup.VersionLoggerListener.log Command line argument: -XX:NewSize=128m
30-May-2026 20:40:13.849 INFO [main] org.apache.catalina.startup.VersionLoggerListener.log Command line argument: -DOPENMRS_INSTALLATION_SCRIPT=/openmrs/openmrs-server.properties
30-May-2026 20:40:13.850 INFO [main] org.apache.catalina.startup.VersionLoggerListener.log Command line argument: -DOPENMRS_APPLICATION_DATA_DIRECTORY=/openmrs/data/
30-May-2026 20:40:13.850 INFO [main] org.apache.catalina.startup.VersionLoggerListener.log Command line argument: -Dignore.endorsed.dirs=
30-May-2026 20:40:13.850 INFO [main] org.apache.catalina.startup.VersionLoggerListener.log Command line argument: -Dcatalina.base=/usr/local/tomcat
30-May-2026 20:40:13.851 INFO [main] org.apache.catalina.startup.VersionLoggerListener.log Command line argument: -Dcatalina.home=/usr/local/tomcat
30-May-2026 20:40:13.851 INFO [main] org.apache.catalina.startup.VersionLoggerListener.log Command line argument: -Djava.io.tmpdir=/usr/local/tomcat/temp
30-May-2026 20:40:13.866 INFO [main] org.apache.catalina.core.AprLifecycleListener.lifecycleEvent Loaded Apache Tomcat Native library [1.3.7] using APR version [1.7.2].
30-May-2026 20:40:13.867 INFO [main] org.apache.catalina.core.AprLifecycleListener.lifecycleEvent APR capabilities: IPv6 [true], sendfile [true], accept filters [false], random [true], UDS [true].
30-May-2026 20:40:13.867 INFO [main] org.apache.catalina.core.AprLifecycleListener.lifecycleEvent APR/OpenSSL configuration: useAprConnector [false], useOpenSSL [true]
30-May-2026 20:40:13.883 INFO [main] org.apache.catalina.core.AprLifecycleListener.initializeSSL OpenSSL successfully initialized [OpenSSL 1.1.1zg  7 Apr 2026]
30-May-2026 20:40:14.421 INFO [main] org.apache.coyote.AbstractProtocol.init Initializing ProtocolHandler ["http-nio-8080"]
30-May-2026 20:40:14.450 INFO [main] org.apache.catalina.startup.Catalina.load Server initialization in [1142] milliseconds
30-May-2026 20:40:14.511 INFO [main] org.apache.catalina.core.StandardService.startInternal Starting service [Catalina]
30-May-2026 20:40:14.511 INFO [main] org.apache.catalina.core.StandardEngine.startInternal Starting Servlet engine: [Apache Tomcat/9.0.118]
30-May-2026 20:40:14.517 SEVERE [main] org.apache.catalina.startup.HostConfig.beforeStart Unable to create directory for deployment: [/usr/local/tomcat/conf/Catalina/localhost]
30-May-2026 20:40:14.544 INFO [main] org.apache.catalina.startup.HostConfig.deployWAR Deploying web application archive [/usr/local/tomcat/webapps/openmrs.war]
30-May-2026 20:40:14.561 WARNING [main] org.apache.tomcat.util.digester.SetPropertiesRule.begin Match [Context] failed to set property [antiJARLocking] to [true]
30-May-2026 20:40:22.136 INFO [main] org.apache.jasper.servlet.TldScanner.scanJars At least one JAR was scanned for TLDs yet contained no TLDs. Enable debug logging for this logger for a complete list of JARs that were scanned but no TLDs were found in them. Skipping unneeded JARs during scanning can improve startup time and JSP compilation time.
WARN - OpenmrsUtil.getRuntimePropertiesFilePathName(2034) |2026-05-30T20:40:23,170| Unable to find a runtime properties file at /openmrs/openmrs-runtime.properties
WARN - OpenmrsUtil.getRuntimePropertiesFilePathName(2034) |2026-05-30T20:40:23,177| Unable to find a runtime properties file at /openmrs/openmrs-runtime.properties
WARN - Listener.contextInitialized(231) |2026-05-30T20:40:23,179| Using runtime properties file: /openmrs/data/openmrs-runtime.properties
WARN - OpenmrsUtil.getRuntimePropertiesFilePathName(2034) |2026-05-30T20:40:23,181| Unable to find a runtime properties file at /openmrs/openmrs-runtime.properties
WARN - OpenmrsUtil.getRuntimePropertiesFilePathName(2034) |2026-05-30T20:40:23,188| Unable to find a runtime properties file at /openmrs/openmrs-runtime.properties
INFO - ChangeLogDetective.getInitialLiquibaseSnapshotVersion(96) |2026-05-30T20:40:23,567| identifying the Liquibase snapshot version that had been used to initialize the OpenMRS database...
INFO - ChangeLogDetective.getInitialLiquibaseSnapshotVersion(109) |2026-05-30T20:40:23,569| looking for un-run change sets in snapshot version '2.7.x'
Loading class `com.mysql.jdbc.Driver'. This is deprecated. The new driver class is `com.mysql.cj.jdbc.Driver'. The driver is automatically registered via the SPI and manual loading of the driver class is generally unnecessary.
INFO - Slf4JLogger.log(43) |2026-05-30T20:40:25,125| Parsed changelog file 'org/openmrs/liquibase/snapshots/schema-only/liquibase-schema-only-2.7.x.xml'
INFO - Slf4JLogger.log(43) |2026-05-30T20:40:25,140| Reading from openmrs.liquibasechangelog
INFO - ChangeLogDetective.getInitialLiquibaseSnapshotVersion(118) |2026-05-30T20:40:25,534| file 'org/openmrs/liquibase/snapshots/schema-only/liquibase-schema-only-2.7.x.xml' contains 1028 un-run change sets
INFO - Slf4JLogger.log(43) |2026-05-30T20:40:25,729| Parsed changelog file 'org/openmrs/liquibase/snapshots/core-data/liquibase-core-data-2.7.x.xml'
INFO - Slf4JLogger.log(43) |2026-05-30T20:40:25,732| Reading from openmrs.liquibasechangelog
INFO - ChangeLogDetective.getInitialLiquibaseSnapshotVersion(118) |2026-05-30T20:40:25,906| file 'org/openmrs/liquibase/snapshots/core-data/liquibase-core-data-2.7.x.xml' contains 25 un-run change sets
INFO - ChangeLogDetective.getInitialLiquibaseSnapshotVersion(109) |2026-05-30T20:40:25,907| looking for un-run change sets in snapshot version '2.6.x'
INFO - Slf4JLogger.log(43) |2026-05-30T20:40:26,153| Parsed changelog file 'org/openmrs/liquibase/snapshots/schema-only/liquibase-schema-only-2.6.x.xml'
INFO - Slf4JLogger.log(43) |2026-05-30T20:40:26,156| Reading from openmrs.liquibasechangelog
INFO - ChangeLogDetective.getInitialLiquibaseSnapshotVersion(118) |2026-05-30T20:40:26,324| file 'org/openmrs/liquibase/snapshots/schema-only/liquibase-schema-only-2.6.x.xml' contains 0 un-run change sets
INFO - Slf4JLogger.log(43) |2026-05-30T20:40:26,549| Parsed changelog file 'org/openmrs/liquibase/snapshots/core-data/liquibase-core-data-2.6.x.xml'
INFO - Slf4JLogger.log(43) |2026-05-30T20:40:26,554| Reading from openmrs.liquibasechangelog
INFO - ChangeLogDetective.getInitialLiquibaseSnapshotVersion(118) |2026-05-30T20:40:26,758| file 'org/openmrs/liquibase/snapshots/core-data/liquibase-core-data-2.6.x.xml' contains 0 un-run change sets
INFO - ChangeLogDetective.getInitialLiquibaseSnapshotVersion(125) |2026-05-30T20:40:26,764| the Liquibase snapshot version that had been used to initialize the OpenMRS database is '2.6.x'
INFO - Slf4JLogger.log(43) |2026-05-30T20:40:26,953| Parsed changelog file 'org/openmrs/liquibase/updates/liquibase-update-to-latest-2.7.x.xml'
INFO - Slf4JLogger.log(43) |2026-05-30T20:40:26,956| Reading from openmrs.liquibasechangelog
INFO - ChangeLogDetective.getUnrunLiquibaseUpdateFileNames(165) |2026-05-30T20:40:27,085| file 'org/openmrs/liquibase/updates/liquibase-update-to-latest-2.7.x.xml' contains 0 un-run change sets
INFO - Slf4JLogger.log(43) |2026-05-30T20:40:27,194| Parsed changelog file 'org/openmrs/liquibase/updates/liquibase-update-to-latest-2.8.x.xml'
INFO - Slf4JLogger.log(43) |2026-05-30T20:40:27,198| Reading from openmrs.liquibasechangelog
INFO - ChangeLogDetective.getUnrunLiquibaseUpdateFileNames(165) |2026-05-30T20:40:27,319| file 'org/openmrs/liquibase/updates/liquibase-update-to-latest-2.8.x.xml' contains 0 un-run change sets
INFO - StorageServiceCondition.matches(38) |2026-05-30T20:40:27,904| Selected storage type: local
INFO - StorageServiceCondition.matches(38) |2026-05-30T20:40:28,546| Selected storage type: local
INFO - StorageServiceCondition.matches(38) |2026-05-30T20:40:28,569| Selected storage type: local
WARN - Listener.loadBundledModules(588) |2026-05-30T20:40:40,353| Bundled module folder doesn't exist: /usr/local/tomcat/webapps/openmrs/WEB-INF/bundledModules
WARN - OpenmrsUtil.getRuntimePropertiesFilePathName(2034) |2026-05-30T20:40:40,354| Unable to find a runtime properties file at /openmrs/openmrs-runtime.properties
INFO - Slf4JLogger.log(43) |2026-05-30T20:40:44,089| Parsed changelog file 'liquibase.xml'
INFO - Slf4JLogger.log(43) |2026-05-30T20:40:44,091| Reading from openmrs.liquibasechangelog
INFO - Slf4JLogger.log(43) |2026-05-30T20:40:44,295| Successfully acquired change log lock
INFO - Slf4JLogger.log(43) |2026-05-30T20:40:44,302| Reading from openmrs.liquibasechangelog
INFO - Slf4JLogger.log(43) |2026-05-30T20:40:44,607| Successfully released change log lock
INFO - Slf4JLogger.log(43) |2026-05-30T20:40:44,956| Parsed changelog file 'liquibase.xml'
INFO - Slf4JLogger.log(43) |2026-05-30T20:40:44,958| Reading from openmrs.liquibasechangelog
INFO - Slf4JLogger.log(43) |2026-05-30T20:40:45,090| Successfully acquired change log lock
INFO - Slf4JLogger.log(43) |2026-05-30T20:40:45,093| Reading from openmrs.liquibasechangelog
INFO - Slf4JLogger.log(43) |2026-05-30T20:40:45,335| Successfully released change log lock
INFO - Slf4JLogger.log(43) |2026-05-30T20:40:45,525| Parsed changelog file 'liquibase.xml'
INFO - Slf4JLogger.log(43) |2026-05-30T20:40:45,527| Reading from openmrs.liquibasechangelog
INFO - Slf4JLogger.log(43) |2026-05-30T20:40:45,644| Successfully acquired change log lock
INFO - Slf4JLogger.log(43) |2026-05-30T20:40:45,646| Reading from openmrs.liquibasechangelog
INFO - Slf4JLogger.log(43) |2026-05-30T20:40:45,807| Successfully released change log lock
INFO - Slf4JLogger.log(43) |2026-05-30T20:40:45,921| Parsed changelog file 'liquibase.xml'
INFO - Slf4JLogger.log(43) |2026-05-30T20:40:45,923| Reading from openmrs.liquibasechangelog
INFO - Slf4JLogger.log(43) |2026-05-30T20:40:46,006| Successfully acquired change log lock
INFO - Slf4JLogger.log(43) |2026-05-30T20:40:46,009| Reading from openmrs.liquibasechangelog
INFO - Slf4JLogger.log(43) |2026-05-30T20:40:46,139| Successfully released change log lock
INFO - Slf4JLogger.log(43) |2026-05-30T20:40:46,214| Parsed changelog file 'liquibase.xml'
INFO - Slf4JLogger.log(43) |2026-05-30T20:40:46,216| Reading from openmrs.liquibasechangelog
INFO - Slf4JLogger.log(43) |2026-05-30T20:40:46,292| Successfully acquired change log lock
INFO - Slf4JLogger.log(43) |2026-05-30T20:40:46,294| Reading from openmrs.liquibasechangelog
INFO - Slf4JLogger.log(43) |2026-05-30T20:40:46,435| Successfully released change log lock
INFO - Slf4JLogger.log(43) |2026-05-30T20:40:46,547| Parsed changelog file 'liquibase.xml'
INFO - Slf4JLogger.log(43) |2026-05-30T20:40:46,549| Reading from openmrs.liquibasechangelog
INFO - Slf4JLogger.log(43) |2026-05-30T20:40:46,626| Successfully acquired change log lock
INFO - Slf4JLogger.log(43) |2026-05-30T20:40:46,628| Reading from openmrs.liquibasechangelog
INFO - Slf4JLogger.log(43) |2026-05-30T20:40:46,763| Successfully released change log lock
INFO - Slf4JLogger.log(43) |2026-05-30T20:40:46,868| Parsed changelog file 'liquibase.xml'
INFO - Slf4JLogger.log(43) |2026-05-30T20:40:46,870| Reading from openmrs.liquibasechangelog
INFO - Slf4JLogger.log(43) |2026-05-30T20:40:46,966| Successfully acquired change log lock
INFO - Slf4JLogger.log(43) |2026-05-30T20:40:46,969| Reading from openmrs.liquibasechangelog
INFO - Slf4JLogger.log(43) |2026-05-30T20:40:47,094| Successfully released change log lock
INFO - Slf4JLogger.log(43) |2026-05-30T20:40:47,233| Parsed changelog file 'liquibase.xml'
INFO - Slf4JLogger.log(43) |2026-05-30T20:40:47,235| Reading from openmrs.liquibasechangelog
INFO - Slf4JLogger.log(43) |2026-05-30T20:40:47,331| Successfully acquired change log lock
INFO - Slf4JLogger.log(43) |2026-05-30T20:40:47,334| Reading from openmrs.liquibasechangelog
INFO - Slf4JLogger.log(43) |2026-05-30T20:40:47,478| Successfully released change log lock
INFO - Slf4JLogger.log(43) |2026-05-30T20:40:47,591| Parsed changelog file 'liquibase.xml'
INFO - Slf4JLogger.log(43) |2026-05-30T20:40:47,592| Reading from openmrs.liquibasechangelog
INFO - Slf4JLogger.log(43) |2026-05-30T20:40:47,665| Successfully acquired change log lock
INFO - Slf4JLogger.log(43) |2026-05-30T20:40:47,668| Reading from openmrs.liquibasechangelog
INFO - Slf4JLogger.log(43) |2026-05-30T20:40:47,785| Successfully released change log lock
INFO - Slf4JLogger.log(43) |2026-05-30T20:40:47,904| Parsed changelog file 'liquibase.xml'
INFO - Slf4JLogger.log(43) |2026-05-30T20:40:47,906| Reading from openmrs.liquibasechangelog
INFO - Slf4JLogger.log(43) |2026-05-30T20:40:47,981| Successfully acquired change log lock
INFO - Slf4JLogger.log(43) |2026-05-30T20:40:47,983| Reading from openmrs.liquibasechangelog
INFO - Slf4JLogger.log(43) |2026-05-30T20:40:48,089| Successfully released change log lock
INFO - Slf4JLogger.log(43) |2026-05-30T20:40:48,281| Parsed changelog file 'liquibase.xml'
INFO - Slf4JLogger.log(43) |2026-05-30T20:40:48,283| Reading from openmrs.liquibasechangelog
INFO - Slf4JLogger.log(43) |2026-05-30T20:40:48,395| Successfully acquired change log lock
INFO - Slf4JLogger.log(43) |2026-05-30T20:40:48,397| Reading from openmrs.liquibasechangelog
Running Changeset: liquibase.xml::stockmanagement-1758855877841-226::dev
INFO - Slf4JLogger.log(43) |2026-05-30T20:40:48,624| Continuing past: liquibase.xml::stockmanagement-1758855877841-226::dev despite precondition failure due to onFail='CONTINUE': 
          liquibase.xml : DBMS Precondition failed: expected postgresql, got mariadb

INFO - Slf4JLogger.log(43) |2026-05-30T20:40:48,634| Successfully released change log lock
INFO - Slf4JLogger.log(43) |2026-05-30T20:40:48,745| Parsed changelog file 'liquibase.xml'
INFO - Slf4JLogger.log(43) |2026-05-30T20:40:48,746| Reading from openmrs.liquibasechangelog
INFO - Slf4JLogger.log(43) |2026-05-30T20:40:48,832| Successfully acquired change log lock
INFO - Slf4JLogger.log(43) |2026-05-30T20:40:48,834| Reading from openmrs.liquibasechangelog
INFO - Slf4JLogger.log(43) |2026-05-30T20:40:48,954| Successfully released change log lock
INFO - Slf4JLogger.log(43) |2026-05-30T20:40:49,092| Parsed changelog file 'liquibase.xml'
INFO - Slf4JLogger.log(43) |2026-05-30T20:40:49,094| Reading from openmrs.liquibasechangelog
INFO - Slf4JLogger.log(43) |2026-05-30T20:40:49,176| Successfully acquired change log lock
INFO - Slf4JLogger.log(43) |2026-05-30T20:40:49,179| Reading from openmrs.liquibasechangelog
INFO - Slf4JLogger.log(43) |2026-05-30T20:40:49,296| Successfully released change log lock
INFO - Slf4JLogger.log(43) |2026-05-30T20:40:49,406| Parsed changelog file 'liquibase.xml'
INFO - Slf4JLogger.log(43) |2026-05-30T20:40:49,407| Reading from openmrs.liquibasechangelog
INFO - Slf4JLogger.log(43) |2026-05-30T20:40:49,512| Successfully acquired change log lock
INFO - Slf4JLogger.log(43) |2026-05-30T20:40:49,515| Reading from openmrs.liquibasechangelog
WARN - Slf4JLogger.log(41) |2026-05-30T20:40:49,683| Due to mariadb SQL limitations, setNullable will lose primary key/autoincrement/not null/comment settings explicitly redefined in the change. Use <sql> or <modifySql> to re-specify all configuration if this is the case
INFO - Slf4JLogger.log(43) |2026-05-30T20:40:49,766| Successfully released change log lock
INFO - Slf4JLogger.log(43) |2026-05-30T20:40:49,843| Parsed changelog file 'liquibase.xml'
INFO - Slf4JLogger.log(43) |2026-05-30T20:40:49,845| Reading from openmrs.liquibasechangelog
INFO - Slf4JLogger.log(43) |2026-05-30T20:40:49,918| Successfully acquired change log lock
INFO - Slf4JLogger.log(43) |2026-05-30T20:40:49,920| Reading from openmrs.liquibasechangelog
INFO - Slf4JLogger.log(43) |2026-05-30T20:40:50,028| Successfully released change log lock
INFO - Slf4JLogger.log(43) |2026-05-30T20:40:50,116| Parsed changelog file 'liquibase.xml'
INFO - Slf4JLogger.log(43) |2026-05-30T20:40:50,118| Reading from openmrs.liquibasechangelog
INFO - Slf4JLogger.log(43) |2026-05-30T20:40:50,186| Successfully acquired change log lock
INFO - Slf4JLogger.log(43) |2026-05-30T20:40:50,188| Reading from openmrs.liquibasechangelog
INFO - Slf4JLogger.log(43) |2026-05-30T20:40:50,300| Successfully released change log lock
INFO - Slf4JLogger.log(43) |2026-05-30T20:40:50,566| Parsed changelog file 'liquibase.xml'
INFO - Slf4JLogger.log(43) |2026-05-30T20:40:50,568| Reading from openmrs.liquibasechangelog
INFO - Slf4JLogger.log(43) |2026-05-30T20:40:50,652| Successfully acquired change log lock
INFO - Slf4JLogger.log(43) |2026-05-30T20:40:50,653| Reading from openmrs.liquibasechangelog
INFO - Slf4JLogger.log(43) |2026-05-30T20:40:50,791| Successfully released change log lock
INFO - Slf4JLogger.log(43) |2026-05-30T20:40:50,905| Parsed changelog file 'liquibase.xml'
INFO - Slf4JLogger.log(43) |2026-05-30T20:40:50,907| Reading from openmrs.liquibasechangelog
INFO - Slf4JLogger.log(43) |2026-05-30T20:40:50,989| Successfully acquired change log lock
INFO - Slf4JLogger.log(43) |2026-05-30T20:40:50,991| Reading from openmrs.liquibasechangelog
INFO - Slf4JLogger.log(43) |2026-05-30T20:40:51,123| Successfully released change log lock
INFO - Slf4JLogger.log(43) |2026-05-30T20:40:51,232| Parsed changelog file 'liquibase.xml'
INFO - Slf4JLogger.log(43) |2026-05-30T20:40:51,234| Reading from openmrs.liquibasechangelog
INFO - Slf4JLogger.log(43) |2026-05-30T20:40:51,324| Successfully acquired change log lock
INFO - Slf4JLogger.log(43) |2026-05-30T20:40:51,327| Reading from openmrs.liquibasechangelog
INFO - Slf4JLogger.log(43) |2026-05-30T20:40:51,462| Successfully released change log lock
ERROR - ModuleFactory.startModules(259) |2026-05-30T20:40:51,507| Module OpenMRS Appointment Webhook cannot be started because it requires the following module(s): event 4.0.0 Please install and start these modules first.
INFO - Slf4JLogger.log(43) |2026-05-30T20:40:51,728| Parsed changelog file 'liquibase.xml'
INFO - Slf4JLogger.log(43) |2026-05-30T20:40:51,730| Reading from openmrs.liquibasechangelog
INFO - Slf4JLogger.log(43) |2026-05-30T20:40:51,815| Successfully acquired change log lock
INFO - Slf4JLogger.log(43) |2026-05-30T20:40:51,817| Reading from openmrs.liquibasechangelog
INFO - Slf4JLogger.log(43) |2026-05-30T20:40:51,964| Successfully released change log lock
INFO - Slf4JLogger.log(43) |2026-05-30T20:40:52,127| Parsed changelog file 'liquibase.xml'
INFO - Slf4JLogger.log(43) |2026-05-30T20:40:52,128| Reading from openmrs.liquibasechangelog
INFO - Slf4JLogger.log(43) |2026-05-30T20:40:52,194| Successfully acquired change log lock
INFO - Slf4JLogger.log(43) |2026-05-30T20:40:52,196| Reading from openmrs.liquibasechangelog
INFO - Slf4JLogger.log(43) |2026-05-30T20:40:52,327| Successfully released change log lock
INFO - Slf4JLogger.log(43) |2026-05-30T20:40:52,465| Parsed changelog file 'liquibase.xml'
INFO - Slf4JLogger.log(43) |2026-05-30T20:40:52,468| Reading from openmrs.liquibasechangelog
INFO - Slf4JLogger.log(43) |2026-05-30T20:40:52,666| Successfully acquired change log lock
INFO - Slf4JLogger.log(43) |2026-05-30T20:40:52,669| Reading from openmrs.liquibasechangelog
INFO - Slf4JLogger.log(43) |2026-05-30T20:40:52,943| Successfully released change log lock
WARN - AppointmentProperties.load(22) |2026-05-30T20:40:53,153| Property file not found: /openmrs/data/appointment.properties
INFO - Slf4JLogger.log(43) |2026-05-30T20:40:53,298| Parsed changelog file 'liquibase.xml'
INFO - Slf4JLogger.log(43) |2026-05-30T20:40:53,301| Reading from openmrs.liquibasechangelog
INFO - Slf4JLogger.log(43) |2026-05-30T20:40:53,428| Successfully acquired change log lock
INFO - Slf4JLogger.log(43) |2026-05-30T20:40:53,430| Reading from openmrs.liquibasechangelog
INFO - Slf4JLogger.log(43) |2026-05-30T20:40:53,587| Successfully released change log lock
INFO - Slf4JLogger.log(43) |2026-05-30T20:40:53,707| Parsed changelog file 'liquibase.xml'
INFO - Slf4JLogger.log(43) |2026-05-30T20:40:53,709| Reading from openmrs.liquibasechangelog
INFO - Slf4JLogger.log(43) |2026-05-30T20:40:53,795| Successfully acquired change log lock
INFO - Slf4JLogger.log(43) |2026-05-30T20:40:53,798| Reading from openmrs.liquibasechangelog
INFO - Slf4JLogger.log(43) |2026-05-30T20:40:54,034| Successfully released change log lock
INFO - Slf4JLogger.log(43) |2026-05-30T20:40:54,293| Parsed changelog file 'liquibase.xml'
INFO - Slf4JLogger.log(43) |2026-05-30T20:40:54,295| Reading from openmrs.liquibasechangelog
INFO - Slf4JLogger.log(43) |2026-05-30T20:40:54,373| Successfully acquired change log lock
INFO - Slf4JLogger.log(43) |2026-05-30T20:40:54,376| Reading from openmrs.liquibasechangelog
INFO - Slf4JLogger.log(43) |2026-05-30T20:40:54,519| Successfully released change log lock
INFO - ServiceContext.startRefreshingContext(841) |2026-05-30T20:40:55,051| Refreshing Context
INFO - StorageServiceCondition.matches(38) |2026-05-30T20:40:58,017| Selected storage type: local
INFO - StorageServiceCondition.matches(38) |2026-05-30T20:41:00,344| Selected storage type: local
INFO - StorageServiceCondition.matches(38) |2026-05-30T20:41:01,144| Selected storage type: local
INFO - Context.setAuthenticationScheme(198) |2026-05-30T20:41:17,564| An authentication scheme override was provided. Using this one in place of the OpenMRS default authentication scheme.
INFO - ServiceContext.doneRefreshingContext(852) |2026-05-30T20:41:21,320| Done refreshing Context
WARN - OpenConceptLabActivator.markInProgressImportsAsFailed(110) |2026-05-30T20:41:22,520| Found 1 in progress imports at startup
WARN - OpenConceptLabActivator.markInProgressImportsAsFailed(112) |2026-05-30T20:41:22,521| Updating Import#29 as failed
ERROR - AddressConfigurationLoader.loadAddressConfiguration(67) |2026-05-30T20:41:22,857| Address hierarchy configuration file appears invalid, skipping the loading process: /openmrs/data/configuration/addresshierarchy/addressConfiguration.xml
ERROR - AddressConfigurationLoader.loadAddressConfiguration(67) |2026-05-30T20:41:24,438| Address hierarchy configuration file appears invalid, skipping the loading process: /openmrs/data/configuration/addresshierarchy/addressConfiguration.xml
WARN - TimerSchedulerTask.saveLastExecutionTime(74) |2026-05-30T20:45:59,027| Unable to save the last execution time for task. Task.taskDefinition is null in class org.openmrs.scheduler.tasks.TaskThreadedInitializationWrapper
Initiating OpenMRS startup
Deleting modules, OWAs, configuration and frontend from OpenMRS
Loading distribution artifacts into OpenMRS
Writing out /openmrs/openmrs-server.properties
Waiting for database to initialize...
wait-for-it.sh: waiting 3600 seconds for db:3306
wait-for-it.sh: db:3306 is available after 0 seconds
Clearing out Tomcat directories
Loading WAR into appropriate location
Writing out /usr/local/tomcat/bin/setenv.sh file
Starting up OpenMRS...
NOTE: Picked up JDK_JAVA_OPTIONS:  --add-opens=java.base/java.lang=ALL-UNNAMED --add-opens=java.base/java.lang.invoke=ALL-UNNAMED --add-opens=java.base/java.lang.reflect=ALL-UNNAMED --add-opens=java.base/java.io=ALL-UNNAMED --add-opens=java.base/java.util=ALL-UNNAMED --add-opens=java.base/java.util.concurrent=ALL-UNNAMED --add-opens=java.rmi/sun.rmi.transport=ALL-UNNAMED
30-May-2026 20:46:11.027 INFO [main] org.apache.catalina.startup.VersionLoggerListener.log Server version name:   Apache Tomcat/9.0.118
30-May-2026 20:46:11.035 INFO [main] org.apache.catalina.startup.VersionLoggerListener.log Server built:          May 1 2026 19:30:30 UTC
30-May-2026 20:46:11.036 INFO [main] org.apache.catalina.startup.VersionLoggerListener.log Server version number: 9.0.118.0
30-May-2026 20:46:11.037 INFO [main] org.apache.catalina.startup.VersionLoggerListener.log OS Name:               Linux
30-May-2026 20:46:11.037 INFO [main] org.apache.catalina.startup.VersionLoggerListener.log OS Version:            5.15.167.4-microsoft-standard-WSL2
30-May-2026 20:46:11.037 INFO [main] org.apache.catalina.startup.VersionLoggerListener.log Architecture:          amd64
30-May-2026 20:46:11.038 INFO [main] org.apache.catalina.startup.VersionLoggerListener.log Java Home:             /usr/lib/jvm/java-21-amazon-corretto
30-May-2026 20:46:11.038 INFO [main] org.apache.catalina.startup.VersionLoggerListener.log JVM Version:           21.0.11+10-LTS
30-May-2026 20:46:11.039 INFO [main] org.apache.catalina.startup.VersionLoggerListener.log JVM Vendor:            Amazon.com Inc.
30-May-2026 20:46:11.039 INFO [main] org.apache.catalina.startup.VersionLoggerListener.log CATALINA_BASE:         /usr/local/tomcat
30-May-2026 20:46:11.040 INFO [main] org.apache.catalina.startup.VersionLoggerListener.log CATALINA_HOME:         /usr/local/tomcat
30-May-2026 20:46:11.053 INFO [main] org.apache.catalina.startup.VersionLoggerListener.log Command line argument: --add-opens=java.base/java.lang=ALL-UNNAMED
30-May-2026 20:46:11.054 INFO [main] org.apache.catalina.startup.VersionLoggerListener.log Command line argument: --add-opens=java.base/java.lang.invoke=ALL-UNNAMED
30-May-2026 20:46:11.054 INFO [main] org.apache.catalina.startup.VersionLoggerListener.log Command line argument: --add-opens=java.base/java.lang.reflect=ALL-UNNAMED
30-May-2026 20:46:11.054 INFO [main] org.apache.catalina.startup.VersionLoggerListener.log Command line argument: --add-opens=java.base/java.io=ALL-UNNAMED
30-May-2026 20:46:11.055 INFO [main] org.apache.catalina.startup.VersionLoggerListener.log Command line argument: --add-opens=java.base/java.util=ALL-UNNAMED
30-May-2026 20:46:11.055 INFO [main] org.apache.catalina.startup.VersionLoggerListener.log Command line argument: --add-opens=java.base/java.util.concurrent=ALL-UNNAMED
30-May-2026 20:46:11.055 INFO [main] org.apache.catalina.startup.VersionLoggerListener.log Command line argument: --add-opens=java.rmi/sun.rmi.transport=ALL-UNNAMED
30-May-2026 20:46:11.055 INFO [main] org.apache.catalina.startup.VersionLoggerListener.log Command line argument: -Djava.util.logging.config.file=/usr/local/tomcat/conf/logging.properties
30-May-2026 20:46:11.056 INFO [main] org.apache.catalina.startup.VersionLoggerListener.log Command line argument: -Djava.util.logging.manager=org.apache.juli.ClassLoaderLogManager
30-May-2026 20:46:11.056 INFO [main] org.apache.catalina.startup.VersionLoggerListener.log Command line argument: -Dfile.encoding=UTF-8
30-May-2026 20:46:11.056 INFO [main] org.apache.catalina.startup.VersionLoggerListener.log Command line argument: -Djava.security.egd=file:/dev/./urandom
30-May-2026 20:46:11.057 INFO [main] org.apache.catalina.startup.VersionLoggerListener.log Command line argument: -Djava.awt.headless=true
30-May-2026 20:46:11.057 INFO [main] org.apache.catalina.startup.VersionLoggerListener.log Command line argument: -Djava.awt.headlesslib=true
30-May-2026 20:46:11.057 INFO [main] org.apache.catalina.startup.VersionLoggerListener.log Command line argument: -Djdk.tls.ephemeralDHKeySize=2048
30-May-2026 20:46:11.058 INFO [main] org.apache.catalina.startup.VersionLoggerListener.log Command line argument: -Djava.protocol.handler.pkgs=org.apache.catalina.webresources
30-May-2026 20:46:11.058 INFO [main] org.apache.catalina.startup.VersionLoggerListener.log Command line argument: -Dsun.io.useCanonCaches=false
30-May-2026 20:46:11.058 INFO [main] org.apache.catalina.startup.VersionLoggerListener.log Command line argument: -Dorg.apache.catalina.security.SecurityListener.UMASK=0027
30-May-2026 20:46:11.059 INFO [main] org.apache.catalina.startup.VersionLoggerListener.log Command line argument: -XX:NewSize=128m
30-May-2026 20:46:11.059 INFO [main] org.apache.catalina.startup.VersionLoggerListener.log Command line argument: -DOPENMRS_INSTALLATION_SCRIPT=/openmrs/openmrs-server.properties
30-May-2026 20:46:11.060 INFO [main] org.apache.catalina.startup.VersionLoggerListener.log Command line argument: -DOPENMRS_APPLICATION_DATA_DIRECTORY=/openmrs/data/
30-May-2026 20:46:11.060 INFO [main] org.apache.catalina.startup.VersionLoggerListener.log Command line argument: -Dignore.endorsed.dirs=
30-May-2026 20:46:11.060 INFO [main] org.apache.catalina.startup.VersionLoggerListener.log Command line argument: -Dcatalina.base=/usr/local/tomcat
30-May-2026 20:46:11.060 INFO [main] org.apache.catalina.startup.VersionLoggerListener.log Command line argument: -Dcatalina.home=/usr/local/tomcat
30-May-2026 20:46:11.061 INFO [main] org.apache.catalina.startup.VersionLoggerListener.log Command line argument: -Djava.io.tmpdir=/usr/local/tomcat/temp
30-May-2026 20:46:11.065 INFO [main] org.apache.catalina.core.AprLifecycleListener.lifecycleEvent Loaded Apache Tomcat Native library [1.3.7] using APR version [1.7.2].
30-May-2026 20:46:11.066 INFO [main] org.apache.catalina.core.AprLifecycleListener.lifecycleEvent APR capabilities: IPv6 [true], sendfile [true], accept filters [false], random [true], UDS [true].
30-May-2026 20:46:11.067 INFO [main] org.apache.catalina.core.AprLifecycleListener.lifecycleEvent APR/OpenSSL configuration: useAprConnector [false], useOpenSSL [true]
30-May-2026 20:46:11.075 INFO [main] org.apache.catalina.core.AprLifecycleListener.initializeSSL OpenSSL successfully initialized [OpenSSL 1.1.1zg  7 Apr 2026]
30-May-2026 20:46:11.750 INFO [main] org.apache.coyote.AbstractProtocol.init Initializing ProtocolHandler ["http-nio-8080"]
30-May-2026 20:46:11.792 INFO [main] org.apache.catalina.startup.Catalina.load Server initialization in [1122] milliseconds
30-May-2026 20:46:11.890 INFO [main] org.apache.catalina.core.StandardService.startInternal Starting service [Catalina]
30-May-2026 20:46:11.890 INFO [main] org.apache.catalina.core.StandardEngine.startInternal Starting Servlet engine: [Apache Tomcat/9.0.118]
30-May-2026 20:46:11.900 SEVERE [main] org.apache.catalina.startup.HostConfig.beforeStart Unable to create directory for deployment: [/usr/local/tomcat/conf/Catalina/localhost]
30-May-2026 20:46:11.944 INFO [main] org.apache.catalina.startup.HostConfig.deployWAR Deploying web application archive [/usr/local/tomcat/webapps/openmrs.war]
30-May-2026 20:46:11.974 WARNING [main] org.apache.tomcat.util.digester.SetPropertiesRule.begin Match [Context] failed to set property [antiJARLocking] to [true]
30-May-2026 20:46:11.978 INFO [main] org.apache.catalina.startup.ExpandWar.expand An expanded directory [/usr/local/tomcat/webapps/openmrs] was found with a last modified time that did not match the associated WAR. It will be deleted.
30-May-2026 20:46:20.229 INFO [main] org.apache.jasper.servlet.TldScanner.scanJars At least one JAR was scanned for TLDs yet contained no TLDs. Enable debug logging for this logger for a complete list of JARs that were scanned but no TLDs were found in them. Skipping unneeded JARs during scanning can improve startup time and JSP compilation time.
WARN - OpenmrsUtil.getRuntimePropertiesFilePathName(2034) |2026-05-30T20:46:21,139| Unable to find a runtime properties file at /openmrs/openmrs-runtime.properties
WARN - OpenmrsUtil.getRuntimePropertiesFilePathName(2034) |2026-05-30T20:46:21,148| Unable to find a runtime properties file at /openmrs/openmrs-runtime.properties
WARN - Listener.contextInitialized(231) |2026-05-30T20:46:21,150| Using runtime properties file: /openmrs/data/openmrs-runtime.properties
WARN - OpenmrsUtil.getRuntimePropertiesFilePathName(2034) |2026-05-30T20:46:21,153| Unable to find a runtime properties file at /openmrs/openmrs-runtime.properties
WARN - OpenmrsUtil.getRuntimePropertiesFilePathName(2034) |2026-05-30T20:46:21,161| Unable to find a runtime properties file at /openmrs/openmrs-runtime.properties
INFO - ChangeLogDetective.getInitialLiquibaseSnapshotVersion(96) |2026-05-30T20:46:21,485| identifying the Liquibase snapshot version that had been used to initialize the OpenMRS database...
INFO - ChangeLogDetective.getInitialLiquibaseSnapshotVersion(109) |2026-05-30T20:46:21,486| looking for un-run change sets in snapshot version '2.7.x'
Loading class `com.mysql.jdbc.Driver'. This is deprecated. The new driver class is `com.mysql.cj.jdbc.Driver'. The driver is automatically registered via the SPI and manual loading of the driver class is generally unnecessary.
INFO - Slf4JLogger.log(43) |2026-05-30T20:46:23,221| Parsed changelog file 'org/openmrs/liquibase/snapshots/schema-only/liquibase-schema-only-2.7.x.xml'
INFO - Slf4JLogger.log(43) |2026-05-30T20:46:23,244| Reading from openmrs.liquibasechangelog
INFO - ChangeLogDetective.getInitialLiquibaseSnapshotVersion(118) |2026-05-30T20:46:23,771| file 'org/openmrs/liquibase/snapshots/schema-only/liquibase-schema-only-2.7.x.xml' contains 1028 un-run change sets
INFO - Slf4JLogger.log(43) |2026-05-30T20:46:23,992| Parsed changelog file 'org/openmrs/liquibase/snapshots/core-data/liquibase-core-data-2.7.x.xml'
INFO - Slf4JLogger.log(43) |2026-05-30T20:46:23,996| Reading from openmrs.liquibasechangelog
INFO - ChangeLogDetective.getInitialLiquibaseSnapshotVersion(118) |2026-05-30T20:46:24,127| file 'org/openmrs/liquibase/snapshots/core-data/liquibase-core-data-2.7.x.xml' contains 25 un-run change sets
INFO - ChangeLogDetective.getInitialLiquibaseSnapshotVersion(109) |2026-05-30T20:46:24,128| looking for un-run change sets in snapshot version '2.6.x'
INFO - Slf4JLogger.log(43) |2026-05-30T20:46:24,359| Parsed changelog file 'org/openmrs/liquibase/snapshots/schema-only/liquibase-schema-only-2.6.x.xml'
INFO - Slf4JLogger.log(43) |2026-05-30T20:46:24,362| Reading from openmrs.liquibasechangelog
INFO - ChangeLogDetective.getInitialLiquibaseSnapshotVersion(118) |2026-05-30T20:46:24,533| file 'org/openmrs/liquibase/snapshots/schema-only/liquibase-schema-only-2.6.x.xml' contains 0 un-run change sets
INFO - Slf4JLogger.log(43) |2026-05-30T20:46:24,639| Parsed changelog file 'org/openmrs/liquibase/snapshots/core-data/liquibase-core-data-2.6.x.xml'
INFO - Slf4JLogger.log(43) |2026-05-30T20:46:24,641| Reading from openmrs.liquibasechangelog
INFO - ChangeLogDetective.getInitialLiquibaseSnapshotVersion(118) |2026-05-30T20:46:24,727| file 'org/openmrs/liquibase/snapshots/core-data/liquibase-core-data-2.6.x.xml' contains 0 un-run change sets
INFO - ChangeLogDetective.getInitialLiquibaseSnapshotVersion(125) |2026-05-30T20:46:24,728| the Liquibase snapshot version that had been used to initialize the OpenMRS database is '2.6.x'
INFO - Slf4JLogger.log(43) |2026-05-30T20:46:24,829| Parsed changelog file 'org/openmrs/liquibase/updates/liquibase-update-to-latest-2.7.x.xml'
INFO - Slf4JLogger.log(43) |2026-05-30T20:46:24,831| Reading from openmrs.liquibasechangelog
INFO - ChangeLogDetective.getUnrunLiquibaseUpdateFileNames(165) |2026-05-30T20:46:24,953| file 'org/openmrs/liquibase/updates/liquibase-update-to-latest-2.7.x.xml' contains 0 un-run change sets
INFO - Slf4JLogger.log(43) |2026-05-30T20:46:25,059| Parsed changelog file 'org/openmrs/liquibase/updates/liquibase-update-to-latest-2.8.x.xml'
INFO - Slf4JLogger.log(43) |2026-05-30T20:46:25,062| Reading from openmrs.liquibasechangelog
INFO - ChangeLogDetective.getUnrunLiquibaseUpdateFileNames(165) |2026-05-30T20:46:25,165| file 'org/openmrs/liquibase/updates/liquibase-update-to-latest-2.8.x.xml' contains 0 un-run change sets
INFO - StorageServiceCondition.matches(38) |2026-05-30T20:46:25,855| Selected storage type: local
INFO - StorageServiceCondition.matches(38) |2026-05-30T20:46:26,815| Selected storage type: local
INFO - StorageServiceCondition.matches(38) |2026-05-30T20:46:26,846| Selected storage type: local
WARN - Listener.loadBundledModules(588) |2026-05-30T20:46:40,561| Bundled module folder doesn't exist: /usr/local/tomcat/webapps/openmrs/WEB-INF/bundledModules
WARN - OpenmrsUtil.getRuntimePropertiesFilePathName(2034) |2026-05-30T20:46:40,562| Unable to find a runtime properties file at /openmrs/openmrs-runtime.properties
INFO - Slf4JLogger.log(43) |2026-05-30T20:46:44,455| Parsed changelog file 'liquibase.xml'
INFO - Slf4JLogger.log(43) |2026-05-30T20:46:44,458| Reading from openmrs.liquibasechangelog
INFO - Slf4JLogger.log(43) |2026-05-30T20:46:44,701| Successfully acquired change log lock
INFO - Slf4JLogger.log(43) |2026-05-30T20:46:44,710| Reading from openmrs.liquibasechangelog
INFO - Slf4JLogger.log(43) |2026-05-30T20:46:45,140| Successfully released change log lock
INFO - Slf4JLogger.log(43) |2026-05-30T20:46:45,686| Parsed changelog file 'liquibase.xml'
INFO - Slf4JLogger.log(43) |2026-05-30T20:46:45,689| Reading from openmrs.liquibasechangelog
INFO - Slf4JLogger.log(43) |2026-05-30T20:46:45,846| Successfully acquired change log lock
INFO - Slf4JLogger.log(43) |2026-05-30T20:46:45,848| Reading from openmrs.liquibasechangelog
INFO - Slf4JLogger.log(43) |2026-05-30T20:46:46,142| Successfully released change log lock
INFO - Slf4JLogger.log(43) |2026-05-30T20:46:46,342| Parsed changelog file 'liquibase.xml'
INFO - Slf4JLogger.log(43) |2026-05-30T20:46:46,344| Reading from openmrs.liquibasechangelog
INFO - Slf4JLogger.log(43) |2026-05-30T20:46:46,457| Successfully acquired change log lock
INFO - Slf4JLogger.log(43) |2026-05-30T20:46:46,460| Reading from openmrs.liquibasechangelog
INFO - Slf4JLogger.log(43) |2026-05-30T20:46:46,616| Successfully released change log lock
INFO - Slf4JLogger.log(43) |2026-05-30T20:46:46,762| Parsed changelog file 'liquibase.xml'
INFO - Slf4JLogger.log(43) |2026-05-30T20:46:46,764| Reading from openmrs.liquibasechangelog
INFO - Slf4JLogger.log(43) |2026-05-30T20:46:46,892| Successfully acquired change log lock
INFO - Slf4JLogger.log(43) |2026-05-30T20:46:46,895| Reading from openmrs.liquibasechangelog
INFO - Slf4JLogger.log(43) |2026-05-30T20:46:47,077| Successfully released change log lock
INFO - Slf4JLogger.log(43) |2026-05-30T20:46:47,178| Parsed changelog file 'liquibase.xml'
INFO - Slf4JLogger.log(43) |2026-05-30T20:46:47,180| Reading from openmrs.liquibasechangelog
INFO - Slf4JLogger.log(43) |2026-05-30T20:46:47,272| Successfully acquired change log lock
INFO - Slf4JLogger.log(43) |2026-05-30T20:46:47,274| Reading from openmrs.liquibasechangelog
INFO - Slf4JLogger.log(43) |2026-05-30T20:46:47,461| Successfully released change log lock
INFO - Slf4JLogger.log(43) |2026-05-30T20:46:47,603| Parsed changelog file 'liquibase.xml'
INFO - Slf4JLogger.log(43) |2026-05-30T20:46:47,605| Reading from openmrs.liquibasechangelog
INFO - Slf4JLogger.log(43) |2026-05-30T20:46:47,695| Successfully acquired change log lock
INFO - Slf4JLogger.log(43) |2026-05-30T20:46:47,697| Reading from openmrs.liquibasechangelog
INFO - Slf4JLogger.log(43) |2026-05-30T20:46:47,826| Successfully released change log lock
INFO - Slf4JLogger.log(43) |2026-05-30T20:46:47,954| Parsed changelog file 'liquibase.xml'
INFO - Slf4JLogger.log(43) |2026-05-30T20:46:47,956| Reading from openmrs.liquibasechangelog
INFO - Slf4JLogger.log(43) |2026-05-30T20:46:48,057| Successfully acquired change log lock
INFO - Slf4JLogger.log(43) |2026-05-30T20:46:48,059| Reading from openmrs.liquibasechangelog
INFO - Slf4JLogger.log(43) |2026-05-30T20:46:48,196| Successfully released change log lock
INFO - Slf4JLogger.log(43) |2026-05-30T20:46:48,344| Parsed changelog file 'liquibase.xml'
INFO - Slf4JLogger.log(43) |2026-05-30T20:46:48,346| Reading from openmrs.liquibasechangelog
INFO - Slf4JLogger.log(43) |2026-05-30T20:46:48,473| Successfully acquired change log lock
INFO - Slf4JLogger.log(43) |2026-05-30T20:46:48,476| Reading from openmrs.liquibasechangelog
INFO - Slf4JLogger.log(43) |2026-05-30T20:46:48,646| Successfully released change log lock
INFO - Slf4JLogger.log(43) |2026-05-30T20:46:48,771| Parsed changelog file 'liquibase.xml'
INFO - Slf4JLogger.log(43) |2026-05-30T20:46:48,773| Reading from openmrs.liquibasechangelog
INFO - Slf4JLogger.log(43) |2026-05-30T20:46:48,867| Successfully acquired change log lock
INFO - Slf4JLogger.log(43) |2026-05-30T20:46:48,870| Reading from openmrs.liquibasechangelog
INFO - Slf4JLogger.log(43) |2026-05-30T20:46:49,030| Successfully released change log lock
INFO - Slf4JLogger.log(43) |2026-05-30T20:46:49,171| Parsed changelog file 'liquibase.xml'
INFO - Slf4JLogger.log(43) |2026-05-30T20:46:49,172| Reading from openmrs.liquibasechangelog
INFO - Slf4JLogger.log(43) |2026-05-30T20:46:49,262| Successfully acquired change log lock
INFO - Slf4JLogger.log(43) |2026-05-30T20:46:49,265| Reading from openmrs.liquibasechangelog
INFO - Slf4JLogger.log(43) |2026-05-30T20:46:49,444| Successfully released change log lock
INFO - Slf4JLogger.log(43) |2026-05-30T20:46:49,662| Parsed changelog file 'liquibase.xml'
INFO - Slf4JLogger.log(43) |2026-05-30T20:46:49,664| Reading from openmrs.liquibasechangelog
INFO - Slf4JLogger.log(43) |2026-05-30T20:46:49,794| Successfully acquired change log lock
INFO - Slf4JLogger.log(43) |2026-05-30T20:46:49,797| Reading from openmrs.liquibasechangelog
Running Changeset: liquibase.xml::stockmanagement-1758855877841-226::dev
INFO - Slf4JLogger.log(43) |2026-05-30T20:46:50,247| Continuing past: liquibase.xml::stockmanagement-1758855877841-226::dev despite precondition failure due to onFail='CONTINUE': 
          liquibase.xml : DBMS Precondition failed: expected postgresql, got mariadb

INFO - Slf4JLogger.log(43) |2026-05-30T20:46:50,258| Successfully released change log lock
INFO - Slf4JLogger.log(43) |2026-05-30T20:46:50,429| Parsed changelog file 'liquibase.xml'
INFO - Slf4JLogger.log(43) |2026-05-30T20:46:50,431| Reading from openmrs.liquibasechangelog
INFO - Slf4JLogger.log(43) |2026-05-30T20:46:50,537| Successfully acquired change log lock
INFO - Slf4JLogger.log(43) |2026-05-30T20:46:50,539| Reading from openmrs.liquibasechangelog
INFO - Slf4JLogger.log(43) |2026-05-30T20:46:50,715| Successfully released change log lock
INFO - Slf4JLogger.log(43) |2026-05-30T20:46:50,856| Parsed changelog file 'liquibase.xml'
INFO - Slf4JLogger.log(43) |2026-05-30T20:46:50,858| Reading from openmrs.liquibasechangelog
INFO - Slf4JLogger.log(43) |2026-05-30T20:46:50,956| Successfully acquired change log lock
INFO - Slf4JLogger.log(43) |2026-05-30T20:46:50,959| Reading from openmrs.liquibasechangelog
INFO - Slf4JLogger.log(43) |2026-05-30T20:46:51,146| Successfully released change log lock
INFO - Slf4JLogger.log(43) |2026-05-30T20:46:51,294| Parsed changelog file 'liquibase.xml'
INFO - Slf4JLogger.log(43) |2026-05-30T20:46:51,296| Reading from openmrs.liquibasechangelog
INFO - Slf4JLogger.log(43) |2026-05-30T20:46:51,408| Successfully acquired change log lock
INFO - Slf4JLogger.log(43) |2026-05-30T20:46:51,410| Reading from openmrs.liquibasechangelog
WARN - Slf4JLogger.log(41) |2026-05-30T20:46:51,547| Due to mariadb SQL limitations, setNullable will lose primary key/autoincrement/not null/comment settings explicitly redefined in the change. Use <sql> or <modifySql> to re-specify all configuration if this is the case
INFO - Slf4JLogger.log(43) |2026-05-30T20:46:51,642| Successfully released change log lock
INFO - Slf4JLogger.log(43) |2026-05-30T20:46:51,735| Parsed changelog file 'liquibase.xml'
INFO - Slf4JLogger.log(43) |2026-05-30T20:46:51,737| Reading from openmrs.liquibasechangelog
INFO - Slf4JLogger.log(43) |2026-05-30T20:46:51,837| Successfully acquired change log lock
INFO - Slf4JLogger.log(43) |2026-05-30T20:46:51,840| Reading from openmrs.liquibasechangelog
INFO - Slf4JLogger.log(43) |2026-05-30T20:46:52,038| Successfully released change log lock
INFO - Slf4JLogger.log(43) |2026-05-30T20:46:52,179| Parsed changelog file 'liquibase.xml'
INFO - Slf4JLogger.log(43) |2026-05-30T20:46:52,180| Reading from openmrs.liquibasechangelog
INFO - Slf4JLogger.log(43) |2026-05-30T20:46:52,265| Successfully acquired change log lock
INFO - Slf4JLogger.log(43) |2026-05-30T20:46:52,267| Reading from openmrs.liquibasechangelog
INFO - Slf4JLogger.log(43) |2026-05-30T20:46:52,394| Successfully released change log lock
INFO - Slf4JLogger.log(43) |2026-05-30T20:46:52,654| Parsed changelog file 'liquibase.xml'
INFO - Slf4JLogger.log(43) |2026-05-30T20:46:52,656| Reading from openmrs.liquibasechangelog
INFO - Slf4JLogger.log(43) |2026-05-30T20:46:52,747| Successfully acquired change log lock
INFO - Slf4JLogger.log(43) |2026-05-30T20:46:52,749| Reading from openmrs.liquibasechangelog
INFO - Slf4JLogger.log(43) |2026-05-30T20:46:52,896| Successfully released change log lock
INFO - Slf4JLogger.log(43) |2026-05-30T20:46:53,015| Parsed changelog file 'liquibase.xml'
INFO - Slf4JLogger.log(43) |2026-05-30T20:46:53,017| Reading from openmrs.liquibasechangelog
INFO - Slf4JLogger.log(43) |2026-05-30T20:46:53,136| Successfully acquired change log lock
INFO - Slf4JLogger.log(43) |2026-05-30T20:46:53,139| Reading from openmrs.liquibasechangelog
INFO - Slf4JLogger.log(43) |2026-05-30T20:46:53,263| Successfully released change log lock
INFO - Slf4JLogger.log(43) |2026-05-30T20:46:53,374| Parsed changelog file 'liquibase.xml'
INFO - Slf4JLogger.log(43) |2026-05-30T20:46:53,375| Reading from openmrs.liquibasechangelog
INFO - Slf4JLogger.log(43) |2026-05-30T20:46:53,462| Successfully acquired change log lock
INFO - Slf4JLogger.log(43) |2026-05-30T20:46:53,465| Reading from openmrs.liquibasechangelog
INFO - Slf4JLogger.log(43) |2026-05-30T20:46:53,601| Successfully released change log lock
ERROR - ModuleFactory.startModules(259) |2026-05-30T20:46:53,647| Module OpenMRS Appointment Webhook cannot be started because it requires the following module(s): event 4.0.0 Please install and start these modules first.
INFO - Slf4JLogger.log(43) |2026-05-30T20:46:53,842| Parsed changelog file 'liquibase.xml'
INFO - Slf4JLogger.log(43) |2026-05-30T20:46:53,843| Reading from openmrs.liquibasechangelog
INFO - Slf4JLogger.log(43) |2026-05-30T20:46:53,926| Successfully acquired change log lock
INFO - Slf4JLogger.log(43) |2026-05-30T20:46:53,928| Reading from openmrs.liquibasechangelog
INFO - Slf4JLogger.log(43) |2026-05-30T20:46:54,088| Successfully released change log lock
INFO - Slf4JLogger.log(43) |2026-05-30T20:46:54,271| Parsed changelog file 'liquibase.xml'
INFO - Slf4JLogger.log(43) |2026-05-30T20:46:54,272| Reading from openmrs.liquibasechangelog
INFO - Slf4JLogger.log(43) |2026-05-30T20:46:54,357| Successfully acquired change log lock
INFO - Slf4JLogger.log(43) |2026-05-30T20:46:54,360| Reading from openmrs.liquibasechangelog
INFO - Slf4JLogger.log(43) |2026-05-30T20:46:54,529| Successfully released change log lock
INFO - Slf4JLogger.log(43) |2026-05-30T20:46:54,732| Parsed changelog file 'liquibase.xml'
INFO - Slf4JLogger.log(43) |2026-05-30T20:46:54,735| Reading from openmrs.liquibasechangelog
INFO - Slf4JLogger.log(43) |2026-05-30T20:46:54,890| Successfully acquired change log lock
INFO - Slf4JLogger.log(43) |2026-05-30T20:46:54,892| Reading from openmrs.liquibasechangelog
INFO - Slf4JLogger.log(43) |2026-05-30T20:46:55,024| Successfully released change log lock
WARN - AppointmentProperties.load(22) |2026-05-30T20:46:55,142| Property file not found: /openmrs/data/appointment.properties
INFO - Slf4JLogger.log(43) |2026-05-30T20:46:55,220| Parsed changelog file 'liquibase.xml'
INFO - Slf4JLogger.log(43) |2026-05-30T20:46:55,222| Reading from openmrs.liquibasechangelog
INFO - Slf4JLogger.log(43) |2026-05-30T20:46:55,353| Successfully acquired change log lock
INFO - Slf4JLogger.log(43) |2026-05-30T20:46:55,355| Reading from openmrs.liquibasechangelog
INFO - Slf4JLogger.log(43) |2026-05-30T20:46:55,476| Successfully released change log lock
INFO - Slf4JLogger.log(43) |2026-05-30T20:46:55,602| Parsed changelog file 'liquibase.xml'
INFO - Slf4JLogger.log(43) |2026-05-30T20:46:55,604| Reading from openmrs.liquibasechangelog
INFO - Slf4JLogger.log(43) |2026-05-30T20:46:55,686| Successfully acquired change log lock
INFO - Slf4JLogger.log(43) |2026-05-30T20:46:55,688| Reading from openmrs.liquibasechangelog
INFO - Slf4JLogger.log(43) |2026-05-30T20:46:55,852| Successfully released change log lock
INFO - Slf4JLogger.log(43) |2026-05-30T20:46:56,063| Parsed changelog file 'liquibase.xml'
INFO - Slf4JLogger.log(43) |2026-05-30T20:46:56,064| Reading from openmrs.liquibasechangelog
INFO - Slf4JLogger.log(43) |2026-05-30T20:46:56,145| Successfully acquired change log lock
INFO - Slf4JLogger.log(43) |2026-05-30T20:46:56,147| Reading from openmrs.liquibasechangelog
INFO - Slf4JLogger.log(43) |2026-05-30T20:46:56,328| Successfully released change log lock
INFO - ServiceContext.startRefreshingContext(841) |2026-05-30T20:46:56,767| Refreshing Context
INFO - StorageServiceCondition.matches(38) |2026-05-30T20:47:00,034| Selected storage type: local
INFO - StorageServiceCondition.matches(38) |2026-05-30T20:47:02,938| Selected storage type: local
INFO - StorageServiceCondition.matches(38) |2026-05-30T20:47:03,467| Selected storage type: local
INFO - Context.setAuthenticationScheme(198) |2026-05-30T20:47:19,434| An authentication scheme override was provided. Using this one in place of the OpenMRS default authentication scheme.
INFO - ServiceContext.doneRefreshingContext(852) |2026-05-30T20:47:22,992| Done refreshing Context
WARN - OpenConceptLabActivator.markInProgressImportsAsFailed(110) |2026-05-30T20:47:24,019| Found 1 in progress imports at startup
WARN - OpenConceptLabActivator.markInProgressImportsAsFailed(112) |2026-05-30T20:47:24,020| Updating Import#30 as failed
ERROR - AddressConfigurationLoader.loadAddressConfiguration(67) |2026-05-30T20:47:24,363| Address hierarchy configuration file appears invalid, skipping the loading process: /openmrs/data/configuration/addresshierarchy/addressConfiguration.xml
ERROR - AddressConfigurationLoader.loadAddressConfiguration(67) |2026-05-30T20:47:25,795| Address hierarchy configuration file appears invalid, skipping the loading process: /openmrs/data/configuration/addresshierarchy/addressConfiguration.xml
